     Project No packages added to or removed from `~/Documents/GitHub/Julia/Packages/Gideon.jl/Project.toml`
    Manifest No packages added to or removed from `~/Documents/GitHub/Julia/Packages/Gideon.jl/Manifest.toml`
     Testing Gideon
      Status `/tmp/jl_1puCtZ/Project.toml`
  [4c88cf16] Aqua v0.8.14
  [1bae8cb1] Gideon v1.0.0 `~/Documents/GitHub/Julia/Packages/Gideon.jl`
  [c3a54625] JET v0.11.3
  [a0a7dd2c] SparseMatricesCSR v0.6.12
  [37e2e46d] LinearAlgebra v1.12.0
  [56ddb016] Logging v1.11.0
  [de0858da] Printf v1.11.0
  [9a3f8284] Random v1.11.0
  [2f01184e] SparseArrays v1.12.0
  [8dfed614] Test v1.11.0
      Status `/tmp/jl_1puCtZ/Manifest.toml`
  [79e6a3ab] Adapt v4.6.0
  [4c88cf16] Aqua v0.8.14
  [4fba245c] ArrayInterface v7.25.0
  [a9b6321e] Atomix v1.1.3
  [62783981] BitTwiddlingConvenienceFunctions v0.1.6
  [2a0fbf3d] CPUSummary v0.2.7
  [fb6a15b2] CloseOpenIntervals v0.1.13
  [da1fd8a2] CodeTracking v3.0.2
  [f70d9fcc] CommonWorldInvalidations v1.0.0
  [34da2185] Compat v4.18.1
  [807dbc54] Compiler v0.1.1
  [adafc99b] CpuId v0.3.1
  [1bae8cb1] Gideon v1.0.0 `~/Documents/GitHub/Julia/Packages/Gideon.jl`
  [615f187c] IfElse v0.1.1
  [c3a54625] JET v0.11.3
  [aa1ae85d] JuliaInterpreter v0.10.12
  [70703baa] JuliaSyntax v1.0.2
  [10f19ff3] LayoutPointers v0.1.17
  [6f1432cf] LoweredCodeUtils v3.5.1
  [1914dd2f] MacroTools v0.5.16
  [d125e4d3] ManualMemory v0.1.8
  [bac558e1] OrderedCollections v1.8.1
  [f517fe37] Polyester v0.7.19
  [1d0040c9] PolyesterWeave v0.2.2
  [aea7be01] PrecompileTools v1.3.4
  [21216c6a] Preferences v1.5.2
  [295af30f] Revise v3.14.3
  [94e857df] SIMDTypes v0.1.0
  [431bcebd] SciMLPublic v1.0.1
  [a0a7dd2c] SparseMatricesCSR v0.6.12
  [aedffcd0] Static v1.4.0
  [0d7ed370] StaticArrayInterface v1.10.0
  [7792a7ef] StrideArraysCore v0.5.9
  [8290d209] ThreadingUtilities v0.5.5
  [013be700] UnsafeAtomics v0.3.1
  [0dad84c5] ArgTools v1.1.2
  [56f22d72] Artifacts v1.11.0
  [2a0f44e3] Base64 v1.11.0
  [ade2ca70] Dates v1.11.0
  [f43a241f] Downloads v1.7.0
  [7b1f6079] FileWatching v1.11.0
  [b77e0a4c] InteractiveUtils v1.11.0
  [ac6e5ff7] JuliaSyntaxHighlighting v1.12.0
  [b27032c2] LibCURL v0.6.4
  [76f85450] LibGit2 v1.11.0
  [8f399da3] Libdl v1.11.0
  [37e2e46d] LinearAlgebra v1.12.0
  [56ddb016] Logging v1.11.0
  [d6f4376e] Markdown v1.11.0
  [ca575930] NetworkOptions v1.3.0
  [44cfe95a] Pkg v1.12.1
  [de0858da] Printf v1.11.0
  [3fa0cd96] REPL v1.11.0
  [9a3f8284] Random v1.11.0
  [ea8e919c] SHA v0.7.0
  [9e88b42a] Serialization v1.11.0
  [6462fe0b] Sockets v1.11.0
  [2f01184e] SparseArrays v1.12.0
  [f489334b] StyledStrings v1.11.0
  [4607b0f0] SuiteSparse
  [fa267f1f] TOML v1.0.3
  [a4e569a6] Tar v1.10.0
  [8dfed614] Test v1.11.0
  [cf7118a7] UUIDs v1.11.0
  [4ec0a83e] Unicode v1.11.0
  [e66e0078] CompilerSupportLibraries_jll v1.3.0+1
  [deac9b47] LibCURL_jll v8.15.0+0
  [e37daf67] LibGit2_jll v1.9.0+0
  [29816b5a] LibSSH2_jll v1.11.3+1
  [14a3606d] MozillaCACerts_jll v2025.11.4
  [4536629a] OpenBLAS_jll v0.3.29+0
  [458c3c95] OpenSSL_jll v3.5.4+0
  [bea87d4a] SuiteSparse_jll v7.8.3+2
  [83775a58] Zlib_jll v1.3.1+2
  [8e850b90] libblastrampoline_jll v5.15.0+0
  [8e850ede] nghttp2_jll v1.64.0+1
  [3f19e933] p7zip_jll v17.7.0+0
     Testing Running tests...
Base.PkgId(Base.UUID("1bae8cb1-bebd-407c-99cb-cb5362d1cdf2"), "Gideon") does not declare a compat entry for the following deps:
2-element Vector{Base.PkgId}:
 Logging [56ddb016-857b-54e1-b83d-db4d58db5568]
 Printf [de0858da-6303-5e67-8744-51eddeeeb8d7]
ERROR: LoadError: Some tests did not pass: 279 passed, 2 failed, 0 errored, 0 broken.
in expression starting at /home/ajaimes/Documents/GitHub/Julia/Packages/Gideon.jl/test/runtests.jl:9
Base.PkgId(Base.UUID("1bae8cb1-bebd-407c-99cb-cb5362d1cdf2"), "Gideon") deps: Test Failed at /home/ajaimes/.julia/packages/Aqua/MCcFg/src/deps_compat.jl:60
  Expression: isempty(result)
   Evaluated: isempty(Base.PkgId[Base.PkgId(Base.UUID("56ddb016-857b-54e1-b83d-db4d58db5568"), "Logging"), Base.PkgId(Base.UUID("de0858da-6303-5e67-8744-51eddeeeb8d7"), "Printf")])

Stacktrace:
 [1] macro expansion
   @ ~/.julia/juliaup/julia-1.12.6+0.x64.linux.gnu/share/julia/stdlib/v1.12/Test/src/Test.jl:680 [inlined]
 [2] test_deps_compat(pkg::Base.PkgId, deps_type::String; broken::Bool, kwargs::@Kwargs{})
   @ Aqua ~/.julia/packages/Aqua/MCcFg/src/deps_compat.jl:60
 [3] test_deps_compat
   @ ~/.julia/packages/Aqua/MCcFg/src/deps_compat.jl:55 [inlined]
 [4] macro expansion
   @ ~/.julia/packages/Aqua/MCcFg/src/deps_compat.jl:41 [inlined]
 [5] macro expansion
   @ ~/.julia/juliaup/julia-1.12.6+0.x64.linux.gnu/share/julia/stdlib/v1.12/Test/src/Test.jl:1777 [inlined]
 [6] test_deps_compat(pkg::Base.PkgId; check_julia::Bool, check_extras::Bool, check_weakdeps::Bool, kwargs::@Kwargs{})
   @ Aqua ~/.julia/packages/Aqua/MCcFg/src/deps_compat.jl:41
Convergence tolerance: Test Failed at /home/ajaimes/Documents/GitHub/Julia/Packages/Gideon.jl/test/test_glove.jl:74
  Expression: length(model.cost_history) < 100
   Evaluated: 100 < 100

Stacktrace:
 [1] top-level scope
   @ ~/Documents/GitHub/Julia/Packages/Gideon.jl/test/test_glove.jl:66
 [2] macro expansion
   @ ~/.julia/juliaup/julia-1.12.6+0.x64.linux.gnu/share/julia/stdlib/v1.12/Test/src/Test.jl:1777 [inlined]
 [3] macro expansion
   @ ~/Documents/GitHub/Julia/Packages/Gideon.jl/test/test_glove.jl:74 [inlined]
 [4] macro expansion
   @ ~/.julia/juliaup/julia-1.12.6+0.x64.linux.gnu/share/julia/stdlib/v1.12/Test/src/Test.jl:680 [inlined]
Test Summary:                                                                            | Pass  Fail  Total     Time
Gideon.jl                                                                                |  279     2    281  1m06.6s
  Quality                                                                                |   10     1     11    38.9s
    Aqua                                                                                 |    9     1     10    24.5s
      Unbound type parameters                                                            |    1            1     0.0s
      Undefined exports                                                                  |    1            1     0.0s
      Compare Project.toml and test/Project.toml                                         |    1            1     0.0s
      Stale dependencies                                                                 |    1            1     4.7s
      Compat bounds                                                                      |    3     1      4     2.6s
        julia                                                                            |    1            1     0.0s
        Base.PkgId(Base.UUID("1bae8cb1-bebd-407c-99cb-cb5362d1cdf2"), "Gideon") deps     |          1      1     2.5s
        Base.PkgId(Base.UUID("1bae8cb1-bebd-407c-99cb-cb5362d1cdf2"), "Gideon") extras   |    1            1     0.0s
        Base.PkgId(Base.UUID("1bae8cb1-bebd-407c-99cb-cb5362d1cdf2"), "Gideon") weakdeps |    1            1     0.0s
      Piracy                                                                             |    1            1     0.1s
      Persistent tasks                                                                   |    1            1    10.4s
    JET                                                                                  |    1            1    14.4s
  Types & Utils                                                                          |  133          133     3.9s
  WRMF                                                                                   |   30           30     7.5s
  FTRL                                                                                   |   21           21     3.7s
  FM                                                                                     |    8            8     1.5s
  GloVe                                                                                  |   14     1     15     2.8s
    Basic fit                                                                            |    7            7     1.8s
    Cost generally decreasing                                                            |    2            2     0.2s
    Embeddings finite with non-trivial variance                                          |    2            2     0.3s
    Block structure: within > cross community similarity                                 |    1            1     0.4s
    Convergence tolerance                                                                |    1     1      2     0.0s
    Regularization                                                                       |    1            1     0.0s
  LMF                                                                                    |   13           13     0.8s
  SoftImpute                                                                             |   16           16     3.7s
  Metrics                                                                                |   22           22     2.3s
  R Correctness                                                                          |   12           12     1.5s
RNG of the outermost testset: Xoshiro(0xaa85ba9c8f7f0e71, 0xddf3ca32a5f96d63, 0xbc0a0181efa1c516, 0xba1eae2c829962b8, 0x0769e3f5c1c5e310)
Pkg.Types.PkgError("Package Gideon errored during testing")
